
Memory Configuration

Name             Origin             Length             Attributes
FLASH            0x0000000000000204 0x0000000000000400 xrw
RAM              0x0000000000000000 0x0000000000000040 rw
*default*        0x0000000000000000 0xffffffffffffffff

Linker script and memory map

                0x0000000000000f00                __stack_size = 0xf00
LOAD CMakeFiles/test.elf.dir/main.c.obj
LOAD c:/gmd/toolchain/risc-v_toolchain/bin/../lib/gcc/riscv-none-embed/8.2.0/rv32imac/ilp32\libgcc.a
START GROUP
LOAD c:/gmd/toolchain/risc-v_toolchain/bin/../lib/gcc/riscv-none-embed/8.2.0/rv32imac/ilp32\libgcc.a
LOAD c:/gmd/toolchain/risc-v_toolchain/bin/../lib/gcc/riscv-none-embed/8.2.0/../../../../riscv-none-embed/lib/rv32imac/ilp32\libg.a
LOAD c:/gmd/toolchain/risc-v_toolchain/bin/../lib/gcc/riscv-none-embed/8.2.0/../../../../riscv-none-embed/lib/rv32imac/ilp32\libc.a
END GROUP
LOAD c:/gmd/toolchain/risc-v_toolchain/bin/../lib/gcc/riscv-none-embed/8.2.0/rv32imac/ilp32\libgcc.a

.text           0x0000000000000204       0x1c
                0x0000000000000204                _start_text = .
                0x0000000000000204                . = ORIGIN (FLASH)
 *(.init)
 .init          0x0000000000000204        0x4 CMakeFiles/test.elf.dir/main.c.obj
                0x0000000000000204                _start
                0x0000000000000208                _start_vector = .
 *(.isr_vector)
 *(.text*)
 .text          0x0000000000000208        0x0 CMakeFiles/test.elf.dir/main.c.obj
 .text.startup.main
                0x0000000000000208       0x18 CMakeFiles/test.elf.dir/main.c.obj
                0x0000000000000208                main
 *(.rodata*)
                0x0000000000000220                . = ALIGN (0x4)
                0x0000000000000220                _end_text = .
                0x0000000000000220                _stored_data = .

.rela.dyn       0x0000000000000220        0x0
 .rela.init     0x0000000000000220        0x0 CMakeFiles/test.elf.dir/main.c.obj

.data           0x0000000000000000        0x0 load address 0x0000000000000220
                0x0000000000000000                _start_data = .
 *(.data*)
 .data          0x0000000000000000        0x0 CMakeFiles/test.elf.dir/main.c.obj
                0x0000000000000010                _global_pointer = (. + 0x10)
 *(.sdata*)
                0x0000000000000000                . = ALIGN (0x4)
                0x0000000000000000                _end_data = .

.bss            0x0000000000000000        0x0 load address 0x0000000000000220
                0x0000000000000000                _start_bss = .
 *(.bss*)
 .bss           0x0000000000000000        0x0 CMakeFiles/test.elf.dir/main.c.obj
 *(COMMON)
                0x0000000000000000                . = ALIGN (0x4)
                0x0000000000000000                _end_bss = .
                0x0000000000000000                _end = .
                [!provide]                        PROVIDE (_start_heap = _end)
                0x0000000000000040                PROVIDE (_end_stack = (ORIGIN (RAM) + LENGTH (RAM)))
OUTPUT(test.elf elf32-littleriscv)

.debug_info     0x0000000000000000       0xf3
 .debug_info    0x0000000000000000       0xf3 CMakeFiles/test.elf.dir/main.c.obj

.debug_abbrev   0x0000000000000000       0x97
 .debug_abbrev  0x0000000000000000       0x97 CMakeFiles/test.elf.dir/main.c.obj

.debug_aranges  0x0000000000000000       0x28
 .debug_aranges
                0x0000000000000000       0x28 CMakeFiles/test.elf.dir/main.c.obj

.debug_ranges   0x0000000000000000       0x18
 .debug_ranges  0x0000000000000000       0x18 CMakeFiles/test.elf.dir/main.c.obj

.debug_line     0x0000000000000000      0x1ac
 .debug_line    0x0000000000000000      0x1ac CMakeFiles/test.elf.dir/main.c.obj

.debug_str      0x0000000000000000      0x12f
 .debug_str     0x0000000000000000      0x12f CMakeFiles/test.elf.dir/main.c.obj
                                        0x171 (size before relaxing)

.comment        0x0000000000000000       0x39
 .comment       0x0000000000000000       0x39 CMakeFiles/test.elf.dir/main.c.obj
                                         0x3a (size before relaxing)

.debug_frame    0x0000000000000000       0x30
 .debug_frame   0x0000000000000000       0x30 CMakeFiles/test.elf.dir/main.c.obj
